time="2025-11-11T05:14:17+01:00" level=warning msg="/home/gabriele/thesis-project/Agents-for-Vulnerable-Dockers-and-related-Benchmarks/dockers/CVE-2018-16509/custom_no_tool/docker-compose.yml: the attribute `version` is obsolete, it will be ignored, please remove it to avoid potential confusion"
#1 [internal] load local bake definitions
#1 reading from stdin 2.05kB done
#1 DONE 0.0s

#2 [imagemagick internal] load build definition from Dockerfile
#2 transferring dockerfile: 513B done
#2 DONE 0.0s

#3 [python internal] load build definition from Dockerfile
#3 transferring dockerfile: 169B done
#3 DONE 0.0s

#4 [ghostscript internal] load build definition from Dockerfile
#4 transferring dockerfile: 493B done
#4 DONE 0.0s

#5 [ghostscript internal] load metadata for docker.io/library/debian:bullseye
#5 ...

#6 [imagemagick internal] load metadata for docker.io/library/ubuntu:18.04
#6 DONE 0.2s

#7 [imagemagick internal] load .dockerignore
#7 transferring context: 2B done
#7 DONE 0.0s

#8 [imagemagick 1/2] FROM docker.io/library/ubuntu:18.04@sha256:152dc042452c496007f07ca9127571cb9c29697f42acbfad72324b2bb2e43c98
#8 resolve docker.io/library/ubuntu:18.04@sha256:152dc042452c496007f07ca9127571cb9c29697f42acbfad72324b2bb2e43c98 0.0s done
#8 CACHED

#9 [imagemagick 2/2] RUN apt-get update     && apt-get install -y wget build-essential imagemagick     && wget https://github.com/ArtifexSoftware/ghostpdl-downloads/releases/download/gs923/ghostscript-9.23.tar.gz     && tar -xzf ghostscript-9.23.tar.gz     && cd ghostscript-9.23     && ./configure     && make     && make install     && apt-get clean     && rm -rf /var/lib/apt/lists/* /ghostscript-9.23 /ghostscript-9.23.tar.gz
#9 ...

#10 [python internal] load metadata for docker.io/library/python:3.7.0-slim
#10 DONE 0.5s

#11 [python internal] load .dockerignore
#11 transferring context: 2B done
#11 DONE 0.0s

#12 [python internal] load build context
#12 transferring context: 597B done
#12 DONE 0.0s

#13 [python 1/3] FROM docker.io/library/python:3.7.0-slim@sha256:9d7187226f875b77adb835036936f93718174638132adcdfa1629844a4f26fa2
#13 resolve docker.io/library/python:3.7.0-slim@sha256:9d7187226f875b77adb835036936f93718174638132adcdfa1629844a4f26fa2 0.0s done
#13 CACHED

#5 [ghostscript internal] load metadata for docker.io/library/debian:bullseye
#5 DONE 0.5s

#14 [ghostscript internal] load .dockerignore
#14 transferring context: 2B done
#14 DONE 0.0s

#15 [ghostscript 1/2] FROM docker.io/library/debian:bullseye@sha256:37d7709beef67abbccfcac94a2150d25fdac3764251a60f2c20e9fd069d228d8
#15 resolve docker.io/library/debian:bullseye@sha256:37d7709beef67abbccfcac94a2150d25fdac3764251a60f2c20e9fd069d228d8 0.0s done
#15 DONE 0.0s

#9 [imagemagick 2/2] RUN apt-get update     && apt-get install -y wget build-essential imagemagick     && wget https://github.com/ArtifexSoftware/ghostpdl-downloads/releases/download/gs923/ghostscript-9.23.tar.gz     && tar -xzf ghostscript-9.23.tar.gz     && cd ghostscript-9.23     && ./configure     && make     && make install     && apt-get clean     && rm -rf /var/lib/apt/lists/* /ghostscript-9.23 /ghostscript-9.23.tar.gz
#9 0.327 Get:1 http://archive.ubuntu.com/ubuntu bionic InRelease [242 kB]
#9 0.469 Get:2 http://security.ubuntu.com/ubuntu bionic-security InRelease [102 kB]
#9 0.519 Get:3 http://archive.ubuntu.com/ubuntu bionic-updates InRelease [102 kB]
#9 0.567 Get:4 http://archive.ubuntu.com/ubuntu bionic-backports InRelease [102 kB]
#9 0.636 Get:5 http://archive.ubuntu.com/ubuntu bionic/multiverse amd64 Packages [186 kB]
#9 0.707 Get:6 http://archive.ubuntu.com/ubuntu bionic/universe amd64 Packages [11.3 MB]
#9 1.220 Get:7 http://security.ubuntu.com/ubuntu bionic-security/restricted amd64 Packages [1688 kB]
#9 2.271 Get:8 http://security.ubuntu.com/ubuntu bionic-security/main amd64 Packages [3373 kB]
#9 2.570 Get:9 http://archive.ubuntu.com/ubuntu bionic/main amd64 Packages [1344 kB]
#9 2.906 Get:10 http://archive.ubuntu.com/ubuntu bionic/restricted amd64 Packages [13.5 kB]
#9 2.906 Get:11 http://archive.ubuntu.com/ubuntu bionic-updates/restricted amd64 Packages [1728 kB]
#9 2.954 Get:12 http://security.ubuntu.com/ubuntu bionic-security/multiverse amd64 Packages [23.8 kB]
#9 2.954 Get:13 http://security.ubuntu.com/ubuntu bionic-security/universe amd64 Packages [1637 kB]
#9 3.166 Get:14 http://archive.ubuntu.com/ubuntu bionic-updates/multiverse amd64 Packages [30.8 kB]
#9 3.169 Get:15 http://archive.ubuntu.com/ubuntu bionic-updates/universe amd64 Packages [2411 kB]
#9 3.484 Get:16 http://archive.ubuntu.com/ubuntu bionic-updates/main amd64 Packages [3786 kB]
#9 3.999 Get:17 http://archive.ubuntu.com/ubuntu bionic-backports/universe amd64 Packages [20.6 kB]
#9 4.000 Get:18 http://archive.ubuntu.com/ubuntu bionic-backports/main amd64 Packages [64.0 kB]
#9 4.665 Fetched 28.2 MB in 4s (6358 kB/s)
#9 4.665 Reading package lists...
#9 6.690 Reading package lists...
#9 ...

#15 [ghostscript 1/2] FROM docker.io/library/debian:bullseye@sha256:37d7709beef67abbccfcac94a2150d25fdac3764251a60f2c20e9fd069d228d8
#15 sha256:1e2d66c9d9f8efe285cc550f7cf8cb1194222debc79cfaec92fe8f171356abec 52.43MB / 53.76MB 6.9s
#15 sha256:1e2d66c9d9f8efe285cc550f7cf8cb1194222debc79cfaec92fe8f171356abec 53.76MB / 53.76MB 7.1s done
#15 extracting sha256:1e2d66c9d9f8efe285cc550f7cf8cb1194222debc79cfaec92fe8f171356abec
#15 ...

#9 [imagemagick 2/2] RUN apt-get update     && apt-get install -y wget build-essential imagemagick     && wget https://github.com/ArtifexSoftware/ghostpdl-downloads/releases/download/gs923/ghostscript-9.23.tar.gz     && tar -xzf ghostscript-9.23.tar.gz     && cd ghostscript-9.23     && ./configure     && make     && make install     && apt-get clean     && rm -rf /var/lib/apt/lists/* /ghostscript-9.23 /ghostscript-9.23.tar.gz
#9 6.690 Reading package lists...
#9 8.536 Building dependency tree...
#9 8.804 Reading state information...
#9 9.190 The following additional packages will be installed:
#9 9.190   binutils binutils-common binutils-x86-64-linux-gnu ca-certificates cpp cpp-7
#9 9.190   dbus dirmngr dpkg-dev fakeroot fontconfig fontconfig-config
#9 9.190   fonts-dejavu-core fonts-droid-fallback fonts-noto-mono g++ g++-7 gcc gcc-7
#9 9.193   gcc-7-base ghostscript gnupg gnupg-l10n gnupg-utils gpg gpg-agent
#9 9.193   gpg-wks-client gpg-wks-server gpgconf gpgsm gsfonts hicolor-icon-theme
#9 9.193   imagemagick-6-common imagemagick-6.q16 krb5-locales libalgorithm-diff-perl
#9 9.193   libalgorithm-diff-xs-perl libalgorithm-merge-perl libapparmor1 libasan4
#9 9.193   libasn1-8-heimdal libassuan0 libatomic1 libavahi-client3
#9 9.193   libavahi-common-data libavahi-common3 libbinutils libbsd0 libc-dev-bin
#9 9.193   libc6-dev libcairo2 libcc1-0 libcilkrts5 libcups2 libcupsfilters1
#9 9.193   libcupsimage2 libdatrie1 libdbus-1-3 libdjvulibre-text libdjvulibre21
#9 9.193   libdpkg-perl libexpat1 libfakeroot libfftw3-double3 libfile-fcntllock-perl
#9 9.193   libfontconfig1 libfreetype6 libgcc-7-dev libgdbm-compat4 libgdbm5
#9 9.193   libglib2.0-0 libglib2.0-data libgomp1 libgraphite2-3 libgs9 libgs9-common
#9 9.193   libgssapi-krb5-2 libgssapi3-heimdal libharfbuzz0b libhcrypto4-heimdal
#9 9.193   libheimbase1-heimdal libheimntlm0-heimdal libhx509-5-heimdal libicu60
#9 9.193   libidn11 libijs-0.35 libilmbase12 libisl19 libitm1 libjbig0 libjbig2dec0
#9 9.193   libjpeg-turbo8 libjpeg8 libk5crypto3 libkeyutils1 libkrb5-26-heimdal
#9 9.193   libkrb5-3 libkrb5support0 libksba8 liblcms2-2 libldap-2.4-2 libldap-common
#9 9.193   liblocale-gettext-perl liblqr-1-0 liblsan0 libltdl7 libmagickcore-6.q16-3
#9 9.193   libmagickcore-6.q16-3-extra libmagickwand-6.q16-3 libmpc3 libmpfr6 libmpx2
#9 9.193   libnetpbm10 libnpth0 libopenexr22 libpango-1.0-0 libpangocairo-1.0-0
#9 9.193   libpangoft2-1.0-0 libpaper-utils libpaper1 libperl5.26 libpixman-1-0
#9 9.193   libpng16-16 libpsl5 libquadmath0 libreadline7 libroken18-heimdal libsasl2-2
#9 9.193   libsasl2-modules libsasl2-modules-db libsqlite3-0 libssl1.1 libstdc++-7-dev
#9 9.193   libthai-data libthai0 libtiff5 libtsan0 libubsan0 libwind0-heimdal
#9 9.193   libwmf0.2-7 libx11-6 libx11-data libxau6 libxcb-render0 libxcb-shm0 libxcb1
#9 9.193   libxdmcp6 libxext6 libxml2 libxrender1 linux-libc-dev make manpages
#9 9.193   manpages-dev multiarch-support netbase netpbm openssl patch perl
#9 9.193   perl-modules-5.26 pinentry-curses poppler-data publicsuffix readline-common
#9 9.193   shared-mime-info ucf xdg-user-dirs xz-utils
#9 9.196 Suggested packages:
#9 9.196   binutils-doc cpp-doc gcc-7-locales default-dbus-session-bus
#9 9.196   | dbus-session-bus dbus-user-session libpam-systemd pinentry-gnome3 tor
#9 9.196   debian-keyring fonts-noto g++-multilib g++-7-multilib gcc-7-doc
#9 9.196   libstdc++6-7-dbg gcc-multilib autoconf automake libtool flex bison gdb
#9 9.196   gcc-doc gcc-7-multilib libgcc1-dbg libgomp1-dbg libitm1-dbg libatomic1-dbg
#9 9.196   libasan4-dbg liblsan0-dbg libtsan0-dbg libubsan0-dbg libcilkrts5-dbg
#9 9.196   libmpx2-dbg libquadmath0-dbg ghostscript-x parcimonie xloadimage scdaemon
#9 9.196   imagemagick-doc autotrace cups-bsd | lpr | lprng curl enscript ffmpeg gimp
#9 9.196   gnuplot grads graphviz groff-base hp2xx html2ps libwmf-bin mplayer povray
#9 9.196   radiance sane-utils texlive-base-bin transfig ufraw-batch xdg-utils
#9 9.196   glibc-doc cups-common git bzr libfftw3-bin libfftw3-dev gdbm-l10n krb5-doc
#9 9.196   krb5-user liblcms2-utils inkscape libjxr-tools libsasl2-modules-gssapi-mit
#9 9.196   | libsasl2-modules-gssapi-heimdal libsasl2-modules-ldap libsasl2-modules-otp
#9 9.196   libsasl2-modules-sql libstdc++-7-doc libwmf0.2-7-gtk make-doc man-browser ed
#9 9.196   diffutils-doc perl-doc libterm-readline-gnu-perl
#9 9.196   | libterm-readline-perl-perl pinentry-doc poppler-utils
#9 9.196   fonts-japanese-mincho | fonts-ipafont-mincho fonts-japanese-gothic
#9 9.196   | fonts-ipafont-gothic fonts-arphic-ukai fonts-arphic-uming fonts-nanum
#9 9.196   readline-doc
#9 9.601 The following NEW packages will be installed:
#9 9.601   binutils binutils-common binutils-x86-64-linux-gnu build-essential
#9 9.601   ca-certificates cpp cpp-7 dbus dirmngr dpkg-dev fakeroot fontconfig
#9 9.601   fontconfig-config fonts-dejavu-core fonts-droid-fallback fonts-noto-mono g++
#9 9.601   g++-7 gcc gcc-7 gcc-7-base ghostscript gnupg gnupg-l10n gnupg-utils gpg
#9 9.601   gpg-agent gpg-wks-client gpg-wks-server gpgconf gpgsm gsfonts
#9 9.601   hicolor-icon-theme imagemagick imagemagick-6-common imagemagick-6.q16
#9 9.601   krb5-locales libalgorithm-diff-perl libalgorithm-diff-xs-perl
#9 9.601   libalgorithm-merge-perl libapparmor1 libasan4 libasn1-8-heimdal libassuan0
#9 9.601   libatomic1 libavahi-client3 libavahi-common-data libavahi-common3
#9 9.602   libbinutils libbsd0 libc-dev-bin libc6-dev libcairo2 libcc1-0 libcilkrts5
#9 9.602   libcups2 libcupsfilters1 libcupsimage2 libdatrie1 libdbus-1-3
#9 9.602   libdjvulibre-text libdjvulibre21 libdpkg-perl libexpat1 libfakeroot
#9 9.602   libfftw3-double3 libfile-fcntllock-perl libfontconfig1 libfreetype6
#9 9.602   libgcc-7-dev libgdbm-compat4 libgdbm5 libglib2.0-0 libglib2.0-data libgomp1
#9 9.602   libgraphite2-3 libgs9 libgs9-common libgssapi-krb5-2 libgssapi3-heimdal
#9 9.602   libharfbuzz0b libhcrypto4-heimdal libheimbase1-heimdal libheimntlm0-heimdal
#9 9.602   libhx509-5-heimdal libicu60 libidn11 libijs-0.35 libilmbase12 libisl19
#9 9.602   libitm1 libjbig0 libjbig2dec0 libjpeg-turbo8 libjpeg8 libk5crypto3
#9 9.602   libkeyutils1 libkrb5-26-heimdal libkrb5-3 libkrb5support0 libksba8
#9 9.602   liblcms2-2 libldap-2.4-2 libldap-common liblocale-gettext-perl liblqr-1-0
#9 9.602   liblsan0 libltdl7 libmagickcore-6.q16-3 libmagickcore-6.q16-3-extra
#9 9.602   libmagickwand-6.q16-3 libmpc3 libmpfr6 libmpx2 libnetpbm10 libnpth0
#9 9.602   libopenexr22 libpango-1.0-0 libpangocairo-1.0-0 libpangoft2-1.0-0
#9 9.602   libpaper-utils libpaper1 libperl5.26 libpixman-1-0 libpng16-16 libpsl5
#9 9.603   libquadmath0 libreadline7 libroken18-heimdal libsasl2-2 libsasl2-modules
#9 9.603   libsasl2-modules-db libsqlite3-0 libssl1.1 libstdc++-7-dev libthai-data
#9 9.603   libthai0 libtiff5 libtsan0 libubsan0 libwind0-heimdal libwmf0.2-7 libx11-6
#9 9.603   libx11-data libxau6 libxcb-render0 libxcb-shm0 libxcb1 libxdmcp6 libxext6
#9 9.603   libxml2 libxrender1 linux-libc-dev make manpages manpages-dev
#9 9.603   multiarch-support netbase netpbm openssl patch perl perl-modules-5.26
#9 9.604   pinentry-curses poppler-data publicsuffix readline-common shared-mime-info
#9 9.604   ucf wget xdg-user-dirs xz-utils
#9 9.740 0 upgraded, 172 newly installed, 0 to remove and 1 not upgraded.
#9 9.740 Need to get 93.9 MB of archives.
#9 9.740 After this operation, 364 MB of additional disk space will be used.
#9 9.740 Get:1 http://archive.ubuntu.com/ubuntu bionic/main amd64 liblocale-gettext-perl amd64 1.07-3build2 [16.6 kB]
#9 ...

#15 [ghostscript 1/2] FROM docker.io/library/debian:bullseye@sha256:37d7709beef67abbccfcac94a2150d25fdac3764251a60f2c20e9fd069d228d8
#15 extracting sha256:1e2d66c9d9f8efe285cc550f7cf8cb1194222debc79cfaec92fe8f171356abec 2.3s done
#15 DONE 9.5s

#9 [imagemagick 2/2] RUN apt-get update     && apt-get install -y wget build-essential imagemagick     && wget https://github.com/ArtifexSoftware/ghostpdl-downloads/releases/download/gs923/ghostscript-9.23.tar.gz     && tar -xzf ghostscript-9.23.tar.gz     && cd ghostscript-9.23     && ./configure     && make     && make install     && apt-get clean     && rm -rf /var/lib/apt/lists/* /ghostscript-9.23 /ghostscript-9.23.tar.gz
#9 9.825 Get:2 http://archive.ubuntu.com/ubuntu bionic-updates/main amd64 multiarch-support amd64 2.27-3ubuntu1.6 [6960 B]
#9 9.833 Get:3 http://archive.ubuntu.com/ubuntu bionic-updates/main amd64 libxau6 amd64 1:1.0.8-1ubuntu1 [7556 B]
#9 9.836 Get:4 http://archive.ubuntu.com/ubuntu bionic-updates/main amd64 libbsd0 amd64 0.8.7-1ubuntu0.1 [41.6 kB]
#9 9.894 Get:5 http://archive.ubuntu.com/ubuntu bionic/main amd64 libxdmcp6 amd64 1:1.1.2-3 [10.7 kB]
#9 9.901 Get:6 http://archive.ubuntu.com/ubuntu bionic-updates/main amd64 libxcb1 amd64 1.13-2~ubuntu18.04 [45.5 kB]
#9 9.935 Get:7 http://archive.ubuntu.com/ubuntu bionic-updates/main amd64 libx11-data all 2:1.6.4-3ubuntu0.4 [114 kB]
#9 10.01 Get:8 http://archive.ubuntu.com/ubuntu bionic-updates/main amd64 libx11-6 amd64 2:1.6.4-3ubuntu0.4 [572 kB]
#9 ...

#16 [python 2/3] RUN pip install Pillow
#16 1.877 Collecting Pillow
#16 4.679   Downloading https://files.pythonhosted.org/packages/00/d5/4903f310765e0ff2b8e91ffe55031ac6af77d982f0156061e20a4d1a8b2d/Pillow-9.5.0.tar.gz (50.5MB)
#16 ...

#9 [imagemagick 2/2] RUN apt-get update     && apt-get install -y wget build-essential imagemagick     && wget https://github.com/ArtifexSoftware/ghostpdl-downloads/releases/download/gs923/ghostscript-9.23.tar.gz     && tar -xzf ghostscript-9.23.tar.gz     && cd ghostscript-9.23     && ./configure     && make     && make install     && apt-get clean     && rm -rf /var/lib/apt/lists/* /ghostscript-9.23 /ghostscript-9.23.tar.gz
#9 10.46 Get:9 http://archive.ubuntu.com/ubuntu bionic/main amd64 libxext6 amd64 2:1.3.3-1 [29.4 kB]
#9 10.48 Get:10 http://archive.ubuntu.com/ubuntu bionic-updates/main amd64 libexpat1 amd64 2.2.5-3ubuntu0.9 [82.8 kB]
#9 10.58 Get:11 http://archive.ubuntu.com/ubuntu bionic-updates/main amd64 libpng16-16 amd64 1.6.34-1ubuntu0.18.04.2 [176 kB]
#9 10.74 Get:12 http://archive.ubuntu.com/ubuntu bionic-updates/main amd64 libfreetype6 amd64 2.8.1-2ubuntu2.2 [335 kB]
#9 11.04 Get:13 http://archive.ubuntu.com/ubuntu bionic/main amd64 ucf all 3.0038 [50.5 kB]
#9 11.06 Get:14 http://archive.ubuntu.com/ubuntu bionic/main amd64 fonts-dejavu-core all 2.37-1 [1041 kB]
#9 12.17 Get:15 http://archive.ubuntu.com/ubuntu bionic/main amd64 fontconfig-config all 2.12.6-0ubuntu2 [55.8 kB]
#9 12.20 Get:16 http://archive.ubuntu.com/ubuntu bionic/main amd64 libfontconfig1 amd64 2.12.6-0ubuntu2 [137 kB]
#9 12.28 Get:17 http://archive.ubuntu.com/ubuntu bionic/main amd64 fontconfig amd64 2.12.6-0ubuntu2 [169 kB]
#9 12.39 Get:18 http://archive.ubuntu.com/ubuntu bionic/main amd64 fonts-droid-fallback all 1:6.0.1r16-1.1 [1805 kB]
#9 ...

#16 [python 2/3] RUN pip install Pillow
#16 11.97 Building wheels for collected packages: Pillow
#16 11.97   Running setup.py bdist_wheel for Pillow: started
#16 12.32   Running setup.py bdist_wheel for Pillow: finished with status 'error'
#16 12.32   Complete output from command /usr/local/bin/python -u -c "import setuptools, tokenize;__file__='/tmp/pip-install-sxev5lwa/Pillow/setup.py';f=getattr(tokenize, 'open', open)(__file__);code=f.read().replace('\r\n', '\n');f.close();exec(compile(code, __file__, 'exec'))" bdist_wheel -d /tmp/pip-wheel-m7sou659 --python-tag cp37:
#16 12.32   running bdist_wheel
#16 12.32   running build
#16 12.32   running build_py
#16 12.32   creating build
#16 12.32   creating build/lib.linux-x86_64-3.7
#16 12.32   creating build/lib.linux-x86_64-3.7/PIL
#16 12.32   copying src/PIL/ImageWin.py -> build/lib.linux-x86_64-3.7/PIL
#16 12.32   copying src/PIL/MpoImagePlugin.py -> build/lib.linux-x86_64-3.7/PIL
#16 12.32   copying src/PIL/GribStubImagePlugin.py -> build/lib.linux-x86_64-3.7/PIL
#16 12.32   copying src/PIL/BufrStubImagePlugin.py -> build/lib.linux-x86_64-3.7/PIL
#16 12.32   copying src/PIL/JpegImagePlugin.py -> build/lib.linux-x86_64-3.7/PIL
#16 12.32   copying src/PIL/ImageShow.py -> build/lib.linux-x86_64-3.7/PIL
#16 12.32   copying src/PIL/ImageFile.py -> build/lib.linux-x86_64-3.7/PIL
#16 12.32   copying src/PIL/ImageColor.py -> build/lib.linux-x86_64-3.7/PIL
#16 12.32   copying src/PIL/Image.py -> build/lib.linux-x86_64-3.7/PIL
#16 12.32   copying src/PIL/PngImagePlugin.py -> build/lib.linux-x86_64-3.7/PIL
#16 12.32   copying src/PIL/BlpImagePlugin.py -> build/lib.linux-x86_64-3.7/PIL
#16 12.32   copying src/PIL/MicImagePlugin.py -> build/lib.linux-x86_64-3.7/PIL
#16 12.32   copying src/PIL/Hdf5StubImagePlugin.py -> build/lib.linux-x86_64-3.7/PIL
#16 12.32   copying src/PIL/DcxImagePlugin.py -> build/lib.linux-x86_64-3.7/PIL
#16 12.32   copying src/PIL/__init__.py -> build/lib.linux-x86_64-3.7/PIL
#16 12.32   copying src/PIL/TiffImagePlugin.py -> build/lib.linux-x86_64-3.7/PIL
#16 12.32   copying src/PIL/ImageFilter.py -> build/lib.linux-x86_64-3.7/PIL
#16 12.32   copying src/PIL/ContainerIO.py -> build/lib.linux-x86_64-3.7/PIL
#16 12.32   copying src/PIL/BdfFontFile.py -> build/lib.linux-x86_64-3.7/PIL
#16 12.32   copying src/PIL/PcxImagePlugin.py -> build/lib.linux-x86_64-3.7/PIL
#16 12.32   copying src/PIL/WalImageFile.py -> build/lib.linux-x86_64-3.7/PIL
#16 12.32   copying src/PIL/GimpPaletteFile.py -> build/lib.linux-x86_64-3.7/PIL
#16 12.32   copying src/PIL/ImageOps.py -> build/lib.linux-x86_64-3.7/PIL
#16 12.32   copying src/PIL/_deprecate.py -> build/lib.linux-x86_64-3.7/PIL
#16 12.32   copying src/PIL/QoiImagePlugin.py -> build/lib.linux-x86_64-3.7/PIL
#16 12.32   copying src/PIL/_binary.py -> build/lib.linux-x86_64-3.7/PIL
#16 12.32   copying src/PIL/ImageStat.py -> build/lib.linux-x86_64-3.7/PIL
#16 12.32   copying src/PIL/ImageQt.py -> build/lib.linux-x86_64-3.7/PIL
#16 12.32   copying src/PIL/FitsImagePlugin.py -> build/lib.linux-x86_64-3.7/PIL
#16 12.32   copying src/PIL/GimpGradientFile.py -> build/lib.linux-x86_64-3.7/PIL
#16 12.32   copying src/PIL/ImageChops.py -> build/lib.linux-x86_64-3.7/PIL
#16 12.32   copying src/PIL/WebPImagePlugin.py -> build/lib.linux-x86_64-3.7/PIL
#16 12.32   copying src/PIL/ImageMorph.py -> build/lib.linux-x86_64-3.7/PIL
#16 12.32   copying src/PIL/FtexImagePlugin.py -> build/lib.linux-x86_64-3.7/PIL
#16 12.32   copying src/PIL/ImagePalette.py -> build/lib.linux-x86_64-3.7/PIL
#16 12.32   copying src/PIL/IptcImagePlugin.py -> build/lib.linux-x86_64-3.7/PIL
#16 12.32   copying src/PIL/McIdasImagePlugin.py -> build/lib.linux-x86_64-3.7/PIL
#16 12.32   copying src/PIL/PaletteFile.py -> build/lib.linux-x86_64-3.7/PIL
#16 12.32   copying src/PIL/PalmImagePlugin.py -> build/lib.linux-x86_64-3.7/PIL
#16 12.32   copying src/PIL/PcfFontFile.py -> build/lib.linux-x86_64-3.7/PIL
#16 12.32   copying src/PIL/PdfParser.py -> build/lib.linux-x86_64-3.7/PIL
#16 12.32   copying src/PIL/PSDraw.py -> build/lib.linux-x86_64-3.7/PIL
#16 12.32   copying src/PIL/ImtImagePlugin.py -> build/lib.linux-x86_64-3.7/PIL
#16 12.32   copying src/PIL/GifImagePlugin.py -> build/lib.linux-x86_64-3.7/PIL
#16 12.32   copying src/PIL/ImageCms.py -> build/lib.linux-x86_64-3.7/PIL
#16 12.32   copying src/PIL/DdsImagePlugin.py -> build/lib.linux-x86_64-3.7/PIL
#16 12.32   copying src/PIL/_util.py -> build/lib.linux-x86_64-3.7/PIL
#16 12.32   copying src/PIL/ImageMath.py -> build/lib.linux-x86_64-3.7/PIL
#16 12.32   copying src/PIL/IcoImagePlugin.py -> build/lib.linux-x86_64-3.7/PIL
#16 12.32   copying src/PIL/BmpImagePlugin.py -> build/lib.linux-x86_64-3.7/PIL
#16 12.32   copying src/PIL/PyAccess.py -> build/lib.linux-x86_64-3.7/PIL
#16 12.32   copying src/PIL/PsdImagePlugin.py -> build/lib.linux-x86_64-3.7/PIL
#16 12.32   copying src/PIL/_version.py -> build/lib.linux-x86_64-3.7/PIL
#16 12.32   copying src/PIL/GbrImagePlugin.py -> build/lib.linux-x86_64-3.7/PIL
#16 12.32   copying src/PIL/ImageDraw2.py -> build/lib.linux-x86_64-3.7/PIL
#16 12.32   copying src/PIL/ImageTransform.py -> build/lib.linux-x86_64-3.7/PIL
#16 12.32   copying src/PIL/XpmImagePlugin.py -> build/lib.linux-x86_64-3.7/PIL
#16 12.32   copying src/PIL/TgaImagePlugin.py -> build/lib.linux-x86_64-3.7/PIL
#16 12.32   copying src/PIL/ImageSequence.py -> build/lib.linux-x86_64-3.7/PIL
#16 12.32   copying src/PIL/EpsImagePlugin.py -> build/lib.linux-x86_64-3.7/PIL
#16 12.32   copying src/PIL/TiffTags.py -> build/lib.linux-x86_64-3.7/PIL
#16 12.32   copying src/PIL/XVThumbImagePlugin.py -> build/lib.linux-x86_64-3.7/PIL
#16 12.32   copying src/PIL/ImageTk.py -> build/lib.linux-x86_64-3.7/PIL
#16 12.32   copying src/PIL/XbmImagePlugin.py -> build/lib.linux-x86_64-3.7/PIL
#16 12.32   copying src/PIL/SunImagePlugin.py -> build/lib.linux-x86_64-3.7/PIL
#16 12.32   copying src/PIL/IcnsImagePlugin.py -> build/lib.linux-x86_64-3.7/PIL
#16 12.32   copying src/PIL/PdfImagePlugin.py -> build/lib.linux-x86_64-3.7/PIL
#16 12.32   copying src/PIL/MspImagePlugin.py -> build/lib.linux-x86_64-3.7/PIL
#16 12.32   copying src/PIL/JpegPresets.py -> build/lib.linux-x86_64-3.7/PIL
#16 12.32   copying src/PIL/CurImagePlugin.py -> build/lib.linux-x86_64-3.7/PIL
#16 12.32   copying src/PIL/FpxImagePlugin.py -> build/lib.linux-x86_64-3.7/PIL
#16 12.32   copying src/PIL/ImageFont.py -> build/lib.linux-x86_64-3.7/PIL
#16 12.32   copying src/PIL/features.py -> build/lib.linux-x86_64-3.7/PIL
#16 12.32   copying src/PIL/ImageDraw.py -> build/lib.linux-x86_64-3.7/PIL
#16 12.32   copying src/PIL/SpiderImagePlugin.py -> build/lib.linux-x86_64-3.7/PIL
#16 12.32   copying src/PIL/_tkinter_finder.py -> build/lib.linux-x86_64-3.7/PIL
#16 12.32   copying src/PIL/GdImageFile.py -> build/lib.linux-x86_64-3.7/PIL
#16 12.32   copying src/PIL/ImImagePlugin.py -> build/lib.linux-x86_64-3.7/PIL
#16 12.32   copying src/PIL/TarIO.py -> build/lib.linux-x86_64-3.7/PIL
#16 12.32   copying src/PIL/ImagePath.py -> build/lib.linux-x86_64-3.7/PIL
#16 12.32   copying src/PIL/PpmImagePlugin.py -> build/lib.linux-x86_64-3.7/PIL
#16 12.32   copying src/PIL/ExifTags.py -> build/lib.linux-x86_64-3.7/PIL
#16 12.32   copying src/PIL/ImageEnhance.py -> build/lib.linux-x86_64-3.7/PIL
#16 12.32   copying src/PIL/MpegImagePlugin.py -> build/lib.linux-x86_64-3.7/PIL
#16 12.32   copying src/PIL/FontFile.py -> build/lib.linux-x86_64-3.7/PIL
#16 12.32   copying src/PIL/WmfImagePlugin.py -> build/lib.linux-x86_64-3.7/PIL
#16 12.32   copying src/PIL/__main__.py -> build/lib.linux-x86_64-3.7/PIL
#16 12.32   copying src/PIL/FitsStubImagePlugin.py -> build/lib.linux-x86_64-3.7/PIL
#16 12.32   copying src/PIL/ImageGrab.py -> build/lib.linux-x86_64-3.7/PIL
#16 12.32   copying src/PIL/PcdImagePlugin.py -> build/lib.linux-x86_64-3.7/PIL
#16 12.32   copying src/PIL/ImageMode.py -> build/lib.linux-x86_64-3.7/PIL
#16 12.32   copying src/PIL/SgiImagePlugin.py -> build/lib.linux-x86_64-3.7/PIL
#16 12.32   copying src/PIL/Jpeg2KImagePlugin.py -> build/lib.linux-x86_64-3.7/PIL
#16 12.32   copying src/PIL/FliImagePlugin.py -> build/lib.linux-x86_64-3.7/PIL
#16 12.32   copying src/PIL/PixarImagePlugin.py -> build/lib.linux-x86_64-3.7/PIL
#16 12.32   running egg_info
#16 12.32   writing src/Pillow.egg-info/PKG-INFO
#16 12.32   writing dependency_links to src/Pillow.egg-info/dependency_links.txt
#16 12.32   writing requirements to src/Pillow.egg-info/requires.txt
#16 12.32   writing top-level names to src/Pillow.egg-info/top_level.txt
#16 12.32   reading manifest file 'src/Pillow.egg-info/SOURCES.txt'
#16 12.32   reading manifest template 'MANIFEST.in'
#16 12.32   warning: no files found matching '*.c'
#16 12.32   warning: no files found matching '*.h'
#16 12.32   warning: no files found matching '*.sh'
#16 12.32   warning: no previously-included files found matching '.appveyor.yml'
#16 12.32   warning: no previously-included files found matching '.clang-format'
#16 12.32   warning: no previously-included files found matching '.coveragerc'
#16 12.32   warning: no previously-included files found matching '.editorconfig'
#16 12.32   warning: no previously-included files found matching '.readthedocs.yml'
#16 12.32   warning: no previously-included files found matching 'codecov.yml'
#16 12.32   warning: no previously-included files found matching 'renovate.json'
#16 12.32   warning: no previously-included files matching '.git*' found anywhere in distribution
#16 12.32   warning: no previously-included files matching '*.pyc' found anywhere in distribution
#16 12.32   warning: no previously-included files matching '*.so' found anywhere in distribution
#16 12.32   no previously-included directories found matching '.ci'
#16 12.32   writing manifest file 'src/Pillow.egg-info/SOURCES.txt'
#16 12.32   running build_ext
#16 12.32   
#16 12.32   
#16 12.32   The headers or library files could not be found for zlib,
#16 12.32   a required dependency when compiling Pillow from source.
#16 12.32   
#16 12.32   Please see the install instructions at:
#16 12.32      https://pillow.readthedocs.io/en/latest/installation.html
#16 12.32   
#16 12.32   Traceback (most recent call last):
#16 12.32     File "/tmp/pip-install-sxev5lwa/Pillow/setup.py", line 997, in <module>
#16 12.32       zip_safe=not (debug_build() or PLATFORM_MINGW),
#16 12.32     File "/usr/local/lib/python3.7/site-packages/setuptools/__init__.py", line 140, in setup
#16 12.32       return distutils.core.setup(**attrs)
#16 12.32     File "/usr/local/lib/python3.7/distutils/core.py", line 148, in setup
#16 12.32       dist.run_commands()
#16 12.32     File "/usr/local/lib/python3.7/distutils/dist.py", line 966, in run_commands
#16 12.32       self.run_command(cmd)
#16 12.32     File "/usr/local/lib/python3.7/distutils/dist.py", line 985, in run_command
#16 12.32       cmd_obj.run()
#16 12.32     File "/usr/local/lib/python3.7/site-packages/wheel/bdist_wheel.py", line 188, in run
#16 12.32       self.run_command('build')
#16 12.32     File "/usr/local/lib/python3.7/distutils/cmd.py", line 313, in run_command
#16 12.32       self.distribution.run_command(command)
#16 12.32     File "/usr/local/lib/python3.7/distutils/dist.py", line 985, in run_command
#16 12.32       cmd_obj.run()
#16 12.32     File "/usr/local/lib/python3.7/distutils/command/build.py", line 135, in run
#16 12.32       self.run_command(cmd_name)
#16 12.32     File "/usr/local/lib/python3.7/distutils/cmd.py", line 313, in run_command
#16 12.32       self.distribution.run_command(command)
#16 12.32     File "/usr/local/lib/python3.7/distutils/dist.py", line 985, in run_command
#16 12.32       cmd_obj.run()
#16 12.32     File "/usr/local/lib/python3.7/site-packages/setuptools/command/build_ext.py", line 78, in run
#16 12.32       _build_ext.run(self)
#16 12.32     File "/usr/local/lib/python3.7/distutils/command/build_ext.py", line 339, in run
#16 12.32       self.build_extensions()
#16 12.32     File "/tmp/pip-install-sxev5lwa/Pillow/setup.py", line 809, in build_extensions
#16 12.32       raise RequiredDependencyException(f)
#16 12.32   __main__.RequiredDependencyException: zlib
#16 12.32   
#16 12.32   During handling of the above exception, another exception occurred:
#16 12.32   
#16 12.32   Traceback (most recent call last):
#16 12.32     File "<string>", line 1, in <module>
#16 12.32     File "/tmp/pip-install-sxev5lwa/Pillow/setup.py", line 1010, in <module>
#16 12.32       raise RequiredDependencyException(msg)
#16 12.32   __main__.RequiredDependencyException:
#16 12.32   
#16 12.32   The headers or library files could not be found for zlib,
#16 12.32   a required dependency when compiling Pillow from source.
#16 12.32   
#16 12.32   Please see the install instructions at:
#16 12.32      https://pillow.readthedocs.io/en/latest/installation.html
#16 12.32   
#16 12.32   
#16 12.32   
#16 12.32   ----------------------------------------
#16 12.32   Failed building wheel for Pillow
#16 12.32   Running setup.py clean for Pillow
#16 12.50 Failed to build Pillow
#16 12.51 Installing collected packages: Pillow
#16 12.52   Running setup.py install for Pillow: started
#16 12.81     Running setup.py install for Pillow: finished with status 'error'
#16 12.81     Complete output from command /usr/local/bin/python -u -c "import setuptools, tokenize;__file__='/tmp/pip-install-sxev5lwa/Pillow/setup.py';f=getattr(tokenize, 'open', open)(__file__);code=f.read().replace('\r\n', '\n');f.close();exec(compile(code, __file__, 'exec'))" install --record /tmp/pip-record-57fqvyc3/install-record.txt --single-version-externally-managed --compile:
#16 12.81     running install
#16 12.81     running build
#16 12.81     running build_py
#16 12.81     creating build
#16 12.81     creating build/lib.linux-x86_64-3.7
#16 12.81     creating build/lib.linux-x86_64-3.7/PIL
#16 12.81     copying src/PIL/ImageWin.py -> build/lib.linux-x86_64-3.7/PIL
#16 12.81     copying src/PIL/MpoImagePlugin.py -> build/lib.linux-x86_64-3.7/PIL
#16 12.81     copying src/PIL/GribStubImagePlugin.py -> build/lib.linux-x86_64-3.7/PIL
#16 12.81     copying src/PIL/BufrStubImagePlugin.py -> build/lib.linux-x86_64-3.7/PIL
#16 12.81     copying src/PIL/JpegImagePlugin.py -> build/lib.linux-x86_64-3.7/PIL
#16 12.81     copying src/PIL/ImageShow.py -> build/lib.linux-x86_64-3.7/PIL
#16 12.81     copying src/PIL/ImageFile.py -> build/lib.linux-x86_64-3.7/PIL
#16 12.81     copying src/PIL/ImageColor.py -> build/lib.linux-x86_64-3.7/PIL
#16 12.81     copying src/PIL/Image.py -> build/lib.linux-x86_64-3.7/PIL
#16 12.81     copying src/PIL/PngImagePlugin.py -> build/lib.linux-x86_64-3.7/PIL
#16 12.81     copying src/PIL/BlpImagePlugin.py -> build/lib.linux-x86_64-3.7/PIL
#16 12.81     copying src/PIL/MicImagePlugin.py -> build/lib.linux-x86_64-3.7/PIL
#16 12.81     copying src/PIL/Hdf5StubImagePlugin.py -> build/lib.linux-x86_64-3.7/PIL
#16 12.81     copying src/PIL/DcxImagePlugin.py -> build/lib.linux-x86_64-3.7/PIL
#16 12.81     copying src/PIL/__init__.py -> build/lib.linux-x86_64-3.7/PIL
#16 12.81     copying src/PIL/TiffImagePlugin.py -> build/lib.linux-x86_64-3.7/PIL
#16 12.81     copying src/PIL/ImageFilter.py -> build/lib.linux-x86_64-3.7/PIL
#16 12.81     copying src/PIL/ContainerIO.py -> build/lib.linux-x86_64-3.7/PIL
#16 12.81     copying src/PIL/BdfFontFile.py -> build/lib.linux-x86_64-3.7/PIL
#16 12.81     copying src/PIL/PcxImagePlugin.py -> build/lib.linux-x86_64-3.7/PIL
#16 12.81     copying src/PIL/WalImageFile.py -> build/lib.linux-x86_64-3.7/PIL
#16 12.81     copying src/PIL/GimpPaletteFile.py -> build/lib.linux-x86_64-3.7/PIL
#16 12.81     copying src/PIL/ImageOps.py -> build/lib.linux-x86_64-3.7/PIL
#16 12.81     copying src/PIL/_deprecate.py -> build/lib.linux-x86_64-3.7/PIL
#16 12.81     copying src/PIL/QoiImagePlugin.py -> build/lib.linux-x86_64-3.7/PIL
#16 12.81     copying src/PIL/_binary.py -> build/lib.linux-x86_64-3.7/PIL
#16 12.81     copying src/PIL/ImageStat.py -> build/lib.linux-x86_64-3.7/PIL
#16 12.81     copying src/PIL/ImageQt.py -> build/lib.linux-x86_64-3.7/PIL
#16 12.81     copying src/PIL/FitsImagePlugin.py -> build/lib.linux-x86_64-3.7/PIL
#16 12.81     copying src/PIL/GimpGradientFile.py -> build/lib.linux-x86_64-3.7/PIL
#16 12.81     copying src/PIL/ImageChops.py -> build/lib.linux-x86_64-3.7/PIL
#16 12.81     copying src/PIL/WebPImagePlugin.py -> build/lib.linux-x86_64-3.7/PIL
#16 12.81     copying src/PIL/ImageMorph.py -> build/lib.linux-x86_64-3.7/PIL
#16 12.81     copying src/PIL/FtexImagePlugin.py -> build/lib.linux-x86_64-3.7/PIL
#16 12.81     copying src/PIL/ImagePalette.py -> build/lib.linux-x86_64-3.7/PIL
#16 12.81     copying src/PIL/IptcImagePlugin.py -> build/lib.linux-x86_64-3.7/PIL
#16 12.81     copying src/PIL/McIdasImagePlugin.py -> build/lib.linux-x86_64-3.7/PIL
#16 12.81     copying src/PIL/PaletteFile.py -> build/lib.linux-x86_64-3.7/PIL
#16 12.81     copying src/PIL/PalmImagePlugin.py -> build/lib.linux-x86_64-3.7/PIL
#16 12.81     copying src/PIL/PcfFontFile.py -> build/lib.linux-x86_64-3.7/PIL
#16 12.81     copying src/PIL/PdfParser.py -> build/lib.linux-x86_64-3.7/PIL
#16 12.81     copying src/PIL/PSDraw.py -> build/lib.linux-x86_64-3.7/PIL
#16 12.81     copying src/PIL/ImtImagePlugin.py -> build/lib.linux-x86_64-3.7/PIL
#16 12.81     copying src/PIL/GifImagePlugin.py -> build/lib.linux-x86_64-3.7/PIL
#16 12.81     copying src/PIL/ImageCms.py -> build/lib.linux-x86_64-3.7/PIL
#16 12.81     copying src/PIL/DdsImagePlugin.py -> build/lib.linux-x86_64-3.7/PIL
#16 12.81     copying src/PIL/_util.py -> build/lib.linux-x86_64-3.7/PIL
#16 12.81     copying src/PIL/ImageMath.py -> build/lib.linux-x86_64-3.7/PIL
#16 12.81     copying src/PIL/IcoImagePlugin.py -> build/lib.linux-x86_64-3.7/PIL
#16 12.81     copying src/PIL/BmpImagePlugin.py -> build/lib.linux-x86_64-3.7/PIL
#16 12.81     copying src/PIL/PyAccess.py -> build/lib.linux-x86_64-3.7/PIL
#16 12.81     copying src/PIL/PsdImagePlugin.py -> build/lib.linux-x86_64-3.7/PIL
#16 12.81     copying src/PIL/_version.py -> build/lib.linux-x86_64-3.7/PIL
#16 12.81     copying src/PIL/GbrImagePlugin.py -> build/lib.linux-x86_64-3.7/PIL
#16 12.81     copying src/PIL/ImageDraw2.py -> build/lib.linux-x86_64-3.7/PIL
#16 12.81     copying src/PIL/ImageTransform.py -> build/lib.linux-x86_64-3.7/PIL
#16 12.81     copying src/PIL/XpmImagePlugin.py -> build/lib.linux-x86_64-3.7/PIL
#16 12.81     copying src/PIL/TgaImagePlugin.py -> build/lib.linux-x86_64-3.7/PIL
#16 12.81     copying src/PIL/ImageSequence.py -> build/lib.linux-x86_64-3.7/PIL
#16 12.81     copying src/PIL/EpsImagePlugin.py -> build/lib.linux-x86_64-3.7/PIL
#16 12.81     copying src/PIL/TiffTags.py -> build/lib.linux-x86_64-3.7/PIL
#16 12.81     copying src/PIL/XVThumbImagePlugin.py -> build/lib.linux-x86_64-3.7/PIL
#16 12.81     copying src/PIL/ImageTk.py -> build/lib.linux-x86_64-3.7/PIL
#16 12.81     copying src/PIL/XbmImagePlugin.py -> build/lib.linux-x86_64-3.7/PIL
#16 12.81     copying src/PIL/SunImagePlugin.py -> build/lib.linux-x86_64-3.7/PIL
#16 12.81     copying src/PIL/IcnsImagePlugin.py -> build/lib.linux-x86_64-3.7/PIL
#16 12.81     copying src/PIL/PdfImagePlugin.py -> build/lib.linux-x86_64-3.7/PIL
#16 12.81     copying src/PIL/MspImagePlugin.py -> build/lib.linux-x86_64-3.7/PIL
#16 12.81     copying src/PIL/JpegPresets.py -> build/lib.linux-x86_64-3.7/PIL
#16 12.81     copying src/PIL/CurImagePlugin.py -> build/lib.linux-x86_64-3.7/PIL
#16 12.81     copying src/PIL/FpxImagePlugin.py -> build/lib.linux-x86_64-3.7/PIL
#16 12.81     copying src/PIL/ImageFont.py -> build/lib.linux-x86_64-3.7/PIL
#16 12.81     copying src/PIL/features.py -> build/lib.linux-x86_64-3.7/PIL
#16 12.81     copying src/PIL/ImageDraw.py -> build/lib.linux-x86_64-3.7/PIL
#16 12.81     copying src/PIL/SpiderImagePlugin.py -> build/lib.linux-x86_64-3.7/PIL
#16 12.81     copying src/PIL/_tkinter_finder.py -> build/lib.linux-x86_64-3.7/PIL
#16 12.81     copying src/PIL/GdImageFile.py -> build/lib.linux-x86_64-3.7/PIL
#16 12.81     copying src/PIL/ImImagePlugin.py -> build/lib.linux-x86_64-3.7/PIL
#16 12.81     copying src/PIL/TarIO.py -> build/lib.linux-x86_64-3.7/PIL
#16 12.81     copying src/PIL/ImagePath.py -> build/lib.linux-x86_64-3.7/PIL
#16 12.81     copying src/PIL/PpmImagePlugin.py -> build/lib.linux-x86_64-3.7/PIL
#16 12.81     copying src/PIL/ExifTags.py -> build/lib.linux-x86_64-3.7/PIL
#16 12.81     copying src/PIL/ImageEnhance.py -> build/lib.linux-x86_64-3.7/PIL
#16 12.81     copying src/PIL/MpegImagePlugin.py -> build/lib.linux-x86_64-3.7/PIL
#16 12.81     copying src/PIL/FontFile.py -> build/lib.linux-x86_64-3.7/PIL
#16 12.81     copying src/PIL/WmfImagePlugin.py -> build/lib.linux-x86_64-3.7/PIL
#16 12.81     copying src/PIL/__main__.py -> build/lib.linux-x86_64-3.7/PIL
#16 12.81     copying src/PIL/FitsStubImagePlugin.py -> build/lib.linux-x86_64-3.7/PIL
#16 12.81     copying src/PIL/ImageGrab.py -> build/lib.linux-x86_64-3.7/PIL
#16 12.81     copying src/PIL/PcdImagePlugin.py -> build/lib.linux-x86_64-3.7/PIL
#16 12.81     copying src/PIL/ImageMode.py -> build/lib.linux-x86_64-3.7/PIL
#16 12.81     copying src/PIL/SgiImagePlugin.py -> build/lib.linux-x86_64-3.7/PIL
#16 12.81     copying src/PIL/Jpeg2KImagePlugin.py -> build/lib.linux-x86_64-3.7/PIL
#16 12.81     copying src/PIL/FliImagePlugin.py -> build/lib.linux-x86_64-3.7/PIL
#16 12.81     copying src/PIL/PixarImagePlugin.py -> build/lib.linux-x86_64-3.7/PIL
#16 12.81     running egg_info
#16 12.81     writing src/Pillow.egg-info/PKG-INFO
#16 12.81     writing dependency_links to src/Pillow.egg-info/dependency_links.txt
#16 12.81     writing requirements to src/Pillow.egg-info/requires.txt
#16 12.81     writing top-level names to src/Pillow.egg-info/top_level.txt
#16 12.81     reading manifest file 'src/Pillow.egg-info/SOURCES.txt'
#16 12.81     reading manifest template 'MANIFEST.in'
#16 12.81     warning: no files found matching '*.c'
#16 12.81     warning: no files found matching '*.h'
#16 12.81     warning: no files found matching '*.sh'
#16 12.81     warning: no previously-included files found matching '.appveyor.yml'
#16 12.81     warning: no previously-included files found matching '.clang-format'
#16 12.81     warning: no previously-included files found matching '.coveragerc'
#16 12.81     warning: no previously-included files found matching '.editorconfig'
#16 12.81     warning: no previously-included files found matching '.readthedocs.yml'
#16 12.81     warning: no previously-included files found matching 'codecov.yml'
#16 12.81     warning: no previously-included files found matching 'renovate.json'
#16 12.81     warning: no previously-included files matching '.git*' found anywhere in distribution
#16 12.81     warning: no previously-included files matching '*.pyc' found anywhere in distribution
#16 12.81     warning: no previously-included files matching '*.so' found anywhere in distribution
#16 12.81     no previously-included directories found matching '.ci'
#16 12.81     writing manifest file 'src/Pillow.egg-info/SOURCES.txt'
#16 12.81     running build_ext
#16 12.81     
#16 12.81     
#16 12.81     The headers or library files could not be found for zlib,
#16 12.81     a required dependency when compiling Pillow from source.
#16 12.81     
#16 12.81     Please see the install instructions at:
#16 12.81        https://pillow.readthedocs.io/en/latest/installation.html
#16 12.81     
#16 12.81     Traceback (most recent call last):
#16 12.81       File "/tmp/pip-install-sxev5lwa/Pillow/setup.py", line 997, in <module>
#16 12.81         zip_safe=not (debug_build() or PLATFORM_MINGW),
#16 12.81       File "/usr/local/lib/python3.7/site-packages/setuptools/__init__.py", line 140, in setup
#16 12.81         return distutils.core.setup(**attrs)
#16 12.81       File "/usr/local/lib/python3.7/distutils/core.py", line 148, in setup
#16 12.81         dist.run_commands()
#16 12.81       File "/usr/local/lib/python3.7/distutils/dist.py", line 966, in run_commands
#16 12.81         self.run_command(cmd)
#16 12.81       File "/usr/local/lib/python3.7/distutils/dist.py", line 985, in run_command
#16 12.81         cmd_obj.run()
#16 12.81       File "/usr/local/lib/python3.7/site-packages/setuptools/command/install.py", line 61, in run
#16 12.81         return orig.install.run(self)
#16 12.81       File "/usr/local/lib/python3.7/distutils/command/install.py", line 545, in run
#16 12.81         self.run_command('build')
#16 12.81       File "/usr/local/lib/python3.7/distutils/cmd.py", line 313, in run_command
#16 12.81         self.distribution.run_command(command)
#16 12.81       File "/usr/local/lib/python3.7/distutils/dist.py", line 985, in run_command
#16 12.81         cmd_obj.run()
#16 12.81       File "/usr/local/lib/python3.7/distutils/command/build.py", line 135, in run
#16 12.81         self.run_command(cmd_name)
#16 12.81       File "/usr/local/lib/python3.7/distutils/cmd.py", line 313, in run_command
#16 12.81         self.distribution.run_command(command)
#16 12.81       File "/usr/local/lib/python3.7/distutils/dist.py", line 985, in run_command
#16 12.81         cmd_obj.run()
#16 12.81       File "/usr/local/lib/python3.7/site-packages/setuptools/command/build_ext.py", line 78, in run
#16 12.81         _build_ext.run(self)
#16 12.81       File "/usr/local/lib/python3.7/distutils/command/build_ext.py", line 339, in run
#16 12.81         self.build_extensions()
#16 12.81       File "/tmp/pip-install-sxev5lwa/Pillow/setup.py", line 809, in build_extensions
#16 12.81         raise RequiredDependencyException(f)
#16 12.81     __main__.RequiredDependencyException: zlib
#16 12.81     
#16 12.81     During handling of the above exception, another exception occurred:
#16 12.81     
#16 12.81     Traceback (most recent call last):
#16 12.81       File "<string>", line 1, in <module>
#16 12.81       File "/tmp/pip-install-sxev5lwa/Pillow/setup.py", line 1010, in <module>
#16 12.81         raise RequiredDependencyException(msg)
#16 12.81     __main__.RequiredDependencyException:
#16 12.81     
#16 12.81     The headers or library files could not be found for zlib,
#16 12.81     a required dependency when compiling Pillow from source.
#16 12.81     
#16 12.81     Please see the install instructions at:
#16 12.81        https://pillow.readthedocs.io/en/latest/installation.html
#16 12.81     
#16 12.81     
#16 12.81     
#16 12.81     ----------------------------------------
#16 12.87 Command "/usr/local/bin/python -u -c "import setuptools, tokenize;__file__='/tmp/pip-install-sxev5lwa/Pillow/setup.py';f=getattr(tokenize, 'open', open)(__file__);code=f.read().replace('\r\n', '\n');f.close();exec(compile(code, __file__, 'exec'))" install --record /tmp/pip-record-57fqvyc3/install-record.txt --single-version-externally-managed --compile" failed with error code 1 in /tmp/pip-install-sxev5lwa/Pillow/
#16 13.04 You are using pip version 18.1, however version 24.0 is available.
#16 13.04 You should consider upgrading via the 'pip install --upgrade pip' command.
#16 ERROR: process "/bin/sh -c pip install Pillow" did not complete successfully: exit code: 1

#9 [imagemagick 2/2] RUN apt-get update     && apt-get install -y wget build-essential imagemagick     && wget https://github.com/ArtifexSoftware/ghostpdl-downloads/releases/download/gs923/ghostscript-9.23.tar.gz     && tar -xzf ghostscript-9.23.tar.gz     && cd ghostscript-9.23     && ./configure     && make     && make install     && apt-get clean     && rm -rf /var/lib/apt/lists/* /ghostscript-9.23 /ghostscript-9.23.tar.gz
#9 13.65 Get:19 http://archive.ubuntu.com/ubuntu bionic-updates/main amd64 libjpeg-turbo8 amd64 1.5.2-0ubuntu5.18.04.6 [111 kB]
#9 CANCELED

#17 [ghostscript 2/2] RUN apt-get update     && apt-get install -y wget build-essential     && wget https://github.com/ArtifexSoftware/ghostpdl-downloads/releases/download/gs923/ghostscript-9.23.tar.gz     && tar -xzf ghostscript-9.23.tar.gz     && cd ghostscript-9.23     && ./configure     && make     && make install     && apt-get clean     && rm -rf /var/lib/apt/lists/* /ghostscript-9.23 /ghostscript-9.23.tar.gz
#17 0.354 Get:1 http://deb.debian.org/debian bullseye InRelease [75.1 kB]
#17 0.405 Get:2 http://deb.debian.org/debian-security bullseye-security InRelease [27.2 kB]
#17 0.431 Get:3 http://deb.debian.org/debian bullseye-updates InRelease [44.0 kB]
#17 0.575 Get:4 http://deb.debian.org/debian bullseye/main amd64 Packages [8066 kB]
#17 1.198 Get:5 http://deb.debian.org/debian-security bullseye-security/main amd64 Packages [422 kB]
#17 1.234 Get:6 http://deb.debian.org/debian bullseye-updates/main amd64 Packages [18.8 kB]
#17 2.091 Fetched 8653 kB in 2s (4738 kB/s)
#17 2.091 Reading package lists...
#17 2.557 Reading package lists...
#17 3.061 Building dependency tree...
#17 3.181 Reading state information...
#17 3.364 The following additional packages will be installed:
#17 3.364   binutils binutils-common binutils-x86-64-linux-gnu bzip2 ca-certificates cpp
#17 3.364   cpp-10 dirmngr dpkg-dev fakeroot fontconfig-config fonts-dejavu-core g++
#17 3.364   g++-10 gcc gcc-10 gnupg gnupg-l10n gnupg-utils gpg gpg-agent gpg-wks-client
#17 3.364   gpg-wks-server gpgconf gpgsm libalgorithm-diff-perl
#17 3.364   libalgorithm-diff-xs-perl libalgorithm-merge-perl libasan6 libassuan0
#17 3.364   libatomic1 libbinutils libbrotli1 libbsd0 libc-dev-bin libc-devtools
#17 3.364   libc6-dev libcc1-0 libcrypt-dev libctf-nobfd0 libctf0 libdeflate0
#17 3.364   libdpkg-perl libexpat1 libfakeroot libfile-fcntllock-perl libfontconfig1
#17 3.365   libfreetype6 libgcc-10-dev libgd3 libgdbm-compat4 libgdbm6 libgomp1 libgpm2
#17 3.365   libisl23 libitm1 libjbig0 libjpeg62-turbo libksba8 libldap-2.4-2
#17 3.365   libldap-common liblocale-gettext-perl liblsan0 libmd0 libmpc3 libmpfr6
#17 3.365   libncursesw6 libnpth0 libnsl-dev libperl5.32 libpng16-16 libpsl5
#17 3.365   libquadmath0 libreadline8 libsasl2-2 libsasl2-modules libsasl2-modules-db
#17 3.365   libsqlite3-0 libstdc++-10-dev libtiff5 libtirpc-dev libtsan0 libubsan1
#17 3.366   libwebp6 libx11-6 libx11-data libxau6 libxcb1 libxdmcp6 libxpm4
#17 3.366   linux-libc-dev make manpages manpages-dev netbase openssl patch perl
#17 3.366   perl-modules-5.32 pinentry-curses publicsuffix readline-common
#17 3.366   sensible-utils ucf xz-utils
#17 3.369 Suggested packages:
#17 3.369   binutils-doc bzip2-doc cpp-doc gcc-10-locales dbus-user-session
#17 3.369   libpam-systemd pinentry-gnome3 tor debian-keyring g++-multilib
#17 3.369   g++-10-multilib gcc-10-doc gcc-multilib autoconf automake libtool flex bison
#17 3.369   gdb gcc-doc gcc-10-multilib parcimonie xloadimage scdaemon glibc-doc git bzr
#17 3.369   libgd-tools gdbm-l10n gpm libsasl2-modules-gssapi-mit
#17 3.369   | libsasl2-modules-gssapi-heimdal libsasl2-modules-ldap libsasl2-modules-otp
#17 3.369   libsasl2-modules-sql libstdc++-10-doc make-doc man-browser ed diffutils-doc
#17 3.369   perl-doc libterm-readline-gnu-perl | libterm-readline-perl-perl
#17 3.369   libtap-harness-archive-perl pinentry-doc readline-doc
#17 3.755 The following NEW packages will be installed:
#17 3.755   binutils binutils-common binutils-x86-64-linux-gnu build-essential bzip2
#17 3.755   ca-certificates cpp cpp-10 dirmngr dpkg-dev fakeroot fontconfig-config
#17 3.755   fonts-dejavu-core g++ g++-10 gcc gcc-10 gnupg gnupg-l10n gnupg-utils gpg
#17 3.756   gpg-agent gpg-wks-client gpg-wks-server gpgconf gpgsm libalgorithm-diff-perl
#17 3.756   libalgorithm-diff-xs-perl libalgorithm-merge-perl libasan6 libassuan0
#17 3.756   libatomic1 libbinutils libbrotli1 libbsd0 libc-dev-bin libc-devtools
#17 3.756   libc6-dev libcc1-0 libcrypt-dev libctf-nobfd0 libctf0 libdeflate0
#17 3.756   libdpkg-perl libexpat1 libfakeroot libfile-fcntllock-perl libfontconfig1
#17 3.757   libfreetype6 libgcc-10-dev libgd3 libgdbm-compat4 libgdbm6 libgomp1 libgpm2
#17 3.757   libisl23 libitm1 libjbig0 libjpeg62-turbo libksba8 libldap-2.4-2
#17 3.757   libldap-common liblocale-gettext-perl liblsan0 libmd0 libmpc3 libmpfr6
#17 3.758   libncursesw6 libnpth0 libnsl-dev libperl5.32 libpng16-16 libpsl5
#17 3.759   libquadmath0 libreadline8 libsasl2-2 libsasl2-modules libsasl2-modules-db
#17 3.759   libsqlite3-0 libstdc++-10-dev libtiff5 libtirpc-dev libtsan0 libubsan1
#17 3.759   libwebp6 libx11-6 libx11-data libxau6 libxcb1 libxdmcp6 libxpm4
#17 3.759   linux-libc-dev make manpages manpages-dev netbase openssl patch perl
#17 3.760   perl-modules-5.32 pinentry-curses publicsuffix readline-common
#17 3.760   sensible-utils ucf wget xz-utils
#17 3.815 0 upgraded, 107 newly installed, 0 to remove and 0 not upgraded.
#17 3.815 Need to get 90.6 MB of archives.
#17 3.815 After this operation, 322 MB of additional disk space will be used.
#17 3.815 Get:1 http://deb.debian.org/debian-security bullseye-security/main amd64 perl-modules-5.32 all 5.32.1-4+deb11u4 [2824 kB]
#17 CANCELED
------
 > [python 2/3] RUN pip install Pillow:
12.81     
12.81     Please see the install instructions at:
12.81        https://pillow.readthedocs.io/en/latest/installation.html
12.81     
12.81     
12.81     
12.81     ----------------------------------------
12.87 Command "/usr/local/bin/python -u -c "import setuptools, tokenize;__file__='/tmp/pip-install-sxev5lwa/Pillow/setup.py';f=getattr(tokenize, 'open', open)(__file__);code=f.read().replace('\r\n', '\n');f.close();exec(compile(code, __file__, 'exec'))" install --record /tmp/pip-record-57fqvyc3/install-record.txt --single-version-externally-managed --compile" failed with error code 1 in /tmp/pip-install-sxev5lwa/Pillow/
13.04 You are using pip version 18.1, however version 24.0 is available.
13.04 You should consider upgrading via the 'pip install --upgrade pip' command.
------
Dockerfile:3

--------------------

   1 |     FROM python:3.7.0-slim

   2 |     

   3 | >>> RUN pip install Pillow

   4 |     

   5 |     COPY exploit.py /usr/src/app/exploit.py

--------------------

target python: failed to solve: process "/bin/sh -c pip install Pillow" did not complete successfully: exit code: 1

